     VMA      LMA     Size Align Out     In      Symbol
       0        0        0     1 RAMBASE = 0x81000000
81000000 81000000     1068     8 .rodata
81000000 81000000     1068     8         build/src/dpad.o:(.rodata)
81000000 81000000        0     1                 dpad_icon
81001068 81001068        4     4 .rodata.cst4
81001068 81001068        4     4         <internal>:(.rodata.cst4)
8100106c 8100106c       23     1 .rodata.str1.1
8100106c 8100106c       23     1         <internal>:(.rodata.str1.1)
81001090 81001090      e9c    16 .text
81001090 81001090      e9c    16         build/src/dpad.o:(.text)
81001090 81001090      12c     1                 Gfx_DrawRect_DropShadowEx
810011bc 810011bc        8     1                 ChangeArrowType
810011c4 810011c4      418     1                 dpad_replace_bow_type
810015dc 810015dc       40     1                 Player_IsAimingAndTargeting
8100161c 8100161c      408     1                 CycleArrowsL
81001a24 81001a24      508     1                 CycleArrowsR
81001f2c 81001f2c       58     4 .recomp_import.*
81001f2c 81001f2c       58     4         build/src/dpad.o:(.recomp_import.*)
81001f2c 81001f2c        8     1                 recomp_get_config_u32
81001f34 81001f34        8     1                 recomp_get_config_double
81001f3c 81001f3c        8     1                 recomp_get_config_string
81001f44 81001f44        8     1                 recomp_free_config_string
81001f4c 81001f4c        8     1                 recomp_get_mod_version
81001f54 81001f54        8     1                 recomp_change_save_file
81001f5c 81001f5c        8     1                 recomp_get_save_file_path
81001f64 81001f64        8     1                 recomp_alloc
81001f6c 81001f6c        8     1                 recomp_free
81001f74 81001f74       10     1                 recomp_printf
81001f84 81001f84      3e4     4 .recomp_hook.Interface_DrawItemButtons
81001f84 81001f84      3e4     4         build/src/dpad.o:(.recomp_hook.Interface_DrawItemButtons)
81001f84 81001f84      3e4     1                 draw_dpad
81002368 81002368      47c     4 .recomp_hook.Interface_DrawCButtonIcons
81002368 81002368      47c     4         build/src/dpad.o:(.recomp_hook.Interface_DrawCButtonIcons)
81002368 81002368      47c     1                 draw_dpad_icons
810027e4 810027e4     37b0     4 .recomp_patch
810027e4 810027e4     37b0     4         build/src/dpad.o:(.recomp_patch)
810027e4 810027e4      100     1                 func_8082FDC4
810028e4 810028e4      294     1                 Player_GetItemOnButton
81002b78 81002b78      3c8     1                 Player_Action_86
81002f40 81002f40      324     1                 Interface_UpdateButtonAlphasByStatus
81003264 81003264      1d0     1                 Interface_UpdateButtonAlphas
81003434 81003434     229c     1                 Interface_UpdateHudAlphas
810056d0 810056d0      8c4     1                 Player_ProcessItemButtons
81005f94 81005f94       1c     4 .recomp_callback.*:recomp_set_extra_item_slot_statuses
81005f94 81005f94       1c     4         build/src/dpad.o:(.recomp_callback.*:recomp_set_extra_item_slot_statuses)
81005f94 81005f94       1c     1                 on_set_slot_statuses
81005fb0 81005fb0     10b4     4 .recomp_hook.Interface_UpdateButtonsPart2
81005fb0 81005fb0     10b4     4         build/src/dpad.o:(.recomp_hook.Interface_UpdateButtonsPart2)
81005fb0 81005fb0     10b4     1                 on_update_buttons_part2
81007064 81007064      468     4 .recomp_hook.Player_UpdateCommon
81007064 81007064      468     4         build/src/dpad.o:(.recomp_hook.Player_UpdateCommon)
81007064 81007064      270     1                 DPadArrowHandle
810072d4 810072d4      1f8     1                 ArrowCycleHandle
810074d0 810074d0       8c    16 .data
810074d0 810074d0       8c    16         build/src/dpad.o:(.data)
810074d0 810074d0       10     1                 extra_button_items_normal
810074e0 810074e0       10     1                 extra_button_items_bow_switch
810074f0 810074f0       10     1                 extra_button_items_bow
81007500 81007500        4     1                 extra_button_items
81007504 81007504        4     1                 extra_button_display
81007508 81007508       20     1                 buttons_to_extra_slot
81007528 81007528       20     1                 dpad_item_icon_positions
81007548 81007548       10     1                 cyclingArrows
81007558 81007558        4     1                 cyclingArrowCount
81007560 81007560     401c    16 .bss
81007560 81007560     401c    16         build/src/dpad.o:(.bss)
81007560 81007560        8     1                 extra_item_slot_alphas
81007568 81007568        1     1                 dpad_item_icons_loaded
81007570 81007570     4000     1                 dpad_item_textures
8100b570 8100b570        4     1                 extra_item_slot_statuses
8100b574 8100b574        1     1                 deferBowMagicAudio
8100b578 8100b578        4     1                 currentArrowIndex
       0        0      568     4 .rel.text
       0        0      568     4         build/src/dpad.o:(.rel.text)
       0        0        0     1 .mdebug.abi32
       0        0        0     1         build/src/dpad.o:(.mdebug.abi32)
       0        0       d0     4 .rel.rodata
       0        0       d0     4         build/src/dpad.o:(.rel.rodata)
       0        0       d0     4 .rel.recomp_hook.Interface_DrawItemButtons
       0        0       d0     4         build/src/dpad.o:(.rel.recomp_hook.Interface_DrawItemButtons)
       0        0      120     4 .rel.recomp_hook.Interface_DrawCButtonIcons
       0        0      120     4         build/src/dpad.o:(.rel.recomp_hook.Interface_DrawCButtonIcons)
       0        0      f58     4 .rel.recomp_patch
       0        0      f58     4         build/src/dpad.o:(.rel.recomp_patch)
       0        0       18     4 .rel.recomp_callback.*:recomp_set_extra_item_slot_statuses
       0        0       18     4         build/src/dpad.o:(.rel.recomp_callback.*:recomp_set_extra_item_slot_statuses)
       0        0      578     4 .rel.recomp_hook.Interface_UpdateButtonsPart2
       0        0      578     4         build/src/dpad.o:(.rel.recomp_hook.Interface_UpdateButtonsPart2)
       0        0      1b8     4 .rel.recomp_hook.Player_UpdateCommon
       0        0      1b8     4         build/src/dpad.o:(.rel.recomp_hook.Player_UpdateCommon)
       0        0       10     4 .rel.data
       0        0       10     4         build/src/dpad.o:(.rel.data)
       0        0      760     4 .symtab
       0        0      760     4         <internal>:(.symtab)
       0        0      265     1 .shstrtab
       0        0      265     1         <internal>:(.shstrtab)
       0        0      7ac     1 .strtab
       0        0      7ac     1         <internal>:(.strtab)
